{"Name":"Daniel0"}{"Name":"Daniel1"}{"Name":"Daniel2"}{"Name":"Daniel3"}{"Name":"Daniel4"}{"Name":"Daniel5"}{"Name":"Daniel6"}{"Name":"Daniel7"}{"Name":"Daniel8"}{"Name":"Daniel9"}